G:\AutomationProjects\BnR\Training\MachineControl\MachineControl\Logical\Global.typ
G:\AutomationProjects\BnR\Training\MachineControl\MachineControl\Logical\Global.var
G:\AutomationProjects\BnR\Training\MachineControl\MachineControl\Logical\Libraries\operator\operator.fun
G:\AutomationProjects\BnR\Training\MachineControl\MachineControl\Logical\Libraries\operator\operator.typ
G:\AutomationProjects\BnR\Training\MachineControl\MachineControl\Logical\Libraries\operator\operator.var
G:\AutomationProjects\BnR\Training\MachineControl\MachineControl\Logical\Libraries\runtime\runtime.fun
G:\AutomationProjects\BnR\Training\MachineControl\MachineControl\Logical\Libraries\runtime\runtime.typ
G:\AutomationProjects\BnR\Training\MachineControl\MachineControl\Logical\Libraries\runtime\runtime.var
G:\AutomationProjects\BnR\Training\MachineControl\MachineControl\Logical\Libraries\astime\astime.fun
G:\AutomationProjects\BnR\Training\MachineControl\MachineControl\Logical\Libraries\astime\astime.typ
G:\AutomationProjects\BnR\Training\MachineControl\MachineControl\Logical\Libraries\astime\astime.var
G:\AutomationProjects\BnR\Training\MachineControl\MachineControl\Logical\Libraries\AsIecCon\AsIecCon.fun
G:\AutomationProjects\BnR\Training\MachineControl\MachineControl\Logical\Libraries\AsIecCon\AsIecCon.typ
G:\AutomationProjects\BnR\Training\MachineControl\MachineControl\Logical\Libraries\AsIecCon\AsIecCon.var
